2025-03-17 13:17:40 info: prueba2 - Actualiza la consulta médica con ID undefined
2025-03-17 13:17:40 info: Datos recibidos al editar una consulta médica
2025-03-17 13:17:40 info: {"files":[{"id":"20250317155958140","name":"Bosquemar.png","file":null},{"id":"2","name":"account-circle-outline.png"}],"id":"13"}
2025-03-17 13:17:40 info: No está en los nuevos
2025-03-17 13:17:40 info: Archivo eliminado exitosamente: D:\Dev Klint\Huoon\api-huoon\public\consultations\20250317155958140.png
2025-03-17 13:17:40 info: Imagen movida exitosamente a: D:\Dev Klint\Huoon\api-huoon\public\consultations\20250317171740200.png
2025-03-17 13:17:40 info: Consulta médica actualizada exitosamente (ID: 13)
2025-03-17 13:17:40 info: prueba2 - Busca las consultas médicas de una persona
2025-03-17 13:18:00 info: Fecha actual: 2025-03-17, Hora actual: 13:18
2025-03-17 13:19:00 info: Fecha actual: 2025-03-17, Hora actual: 13:19
2025-03-17 13:19:37 info: Fecha actual: 2025-03-17, Hora actual: 13:19
2025-03-17 13:19:43 info: Fecha actual: 2025-03-17, Hora actual: 13:19
2025-03-17 13:19:51 info: Fecha actual: 2025-03-17, Hora actual: 13:19
2025-03-17 13:19:54 info: Fecha actual: 2025-03-17, Hora actual: 13:19
2025-03-17 13:19:57 info: Fecha actual: 2025-03-17, Hora actual: 13:19
2025-03-17 13:20:00 info: Fecha actual: 2025-03-17, Hora actual: 13:20
2025-03-17 13:20:15 info: Fecha actual: 2025-03-17, Hora actual: 13:20
2025-03-17 13:20:29 info: Fecha actual: 2025-03-17, Hora actual: 13:20
2025-03-17 13:20:38 info: Fecha actual: 2025-03-17, Hora actual: 13:20
2025-03-17 13:20:42 info: Fecha actual: 2025-03-17, Hora actual: 13:20
2025-03-17 13:20:46 info: Fecha actual: 2025-03-17, Hora actual: 13:20
2025-03-17 13:20:56 info: Fecha actual: 2025-03-17, Hora actual: 13:20
2025-03-17 13:21:02 info: Fecha actual: 2025-03-17, Hora actual: 13:21
2025-03-17 13:21:10 info: prueba2 - Actualiza la consulta médica con ID undefined
2025-03-17 13:21:10 info: Datos recibidos al editar una consulta médica
2025-03-17 13:21:10 info: {"files":[{"id":"20250317171740200","name":"account-circle-outline.png","file":null},{"id":"2","name":"Bosquemar.png"}],"id":"13"}
2025-03-17 13:21:10 info: Old file object:
2025-03-17 13:21:10 info: updated Files:
2025-03-17 13:21:10 info: Old file ID:
2025-03-17 13:21:10 info: Old file object:
2025-03-17 13:21:10 info: New file ID:
2025-03-17 13:21:10 info: New file object:
2025-03-17 13:21:10 info: Imagen movida exitosamente a: D:\Dev Klint\Huoon\api-huoon\public\consultations\20250317172110841.png
2025-03-17 13:21:10 info: Consulta médica actualizada exitosamente (ID: 13)
2025-03-17 13:21:10 info: prueba2 - Busca las consultas médicas de una persona
2025-03-17 13:22:00 info: Fecha actual: 2025-03-17, Hora actual: 13:22
2025-03-17 13:22:13 info: Fecha actual: 2025-03-17, Hora actual: 13:22
2025-03-17 13:22:16 info: Fecha actual: 2025-03-17, Hora actual: 13:22
2025-03-17 13:22:19 info: Fecha actual: 2025-03-17, Hora actual: 13:22
2025-03-17 13:23:00 info: Fecha actual: 2025-03-17, Hora actual: 13:23
2025-03-17 13:24:00 info: Fecha actual: 2025-03-17, Hora actual: 13:24
2025-03-17 13:25:00 info: Fecha actual: 2025-03-17, Hora actual: 13:25
2025-03-17 13:25:13 info: Fecha actual: 2025-03-17, Hora actual: 13:25
2025-03-17 13:25:17 info: Fecha actual: 2025-03-17, Hora actual: 13:25
2025-03-17 13:25:24 info: Fecha actual: 2025-03-17, Hora actual: 13:25
2025-03-17 13:26:00 info: Fecha actual: 2025-03-17, Hora actual: 13:26
2025-03-17 13:27:00 info: Fecha actual: 2025-03-17, Hora actual: 13:27
2025-03-17 13:28:00 info: Fecha actual: 2025-03-17, Hora actual: 13:28
2025-03-17 13:29:00 info: Fecha actual: 2025-03-17, Hora actual: 13:29
2025-03-17 13:29:08 info: Fecha actual: 2025-03-17, Hora actual: 13:29
2025-03-17 13:29:40 info: Fecha actual: 2025-03-17, Hora actual: 13:29
2025-03-17 13:29:45 info: Fecha actual: 2025-03-17, Hora actual: 13:29
2025-03-17 13:30:00 info: Fecha actual: 2025-03-17, Hora actual: 13:30
2025-03-17 13:30:12 info: Fecha actual: 2025-03-17, Hora actual: 13:30
2025-03-17 13:30:40 info: Fecha actual: 2025-03-17, Hora actual: 13:30
2025-03-17 13:30:53 info: prueba2 - Actualiza la consulta médica con ID undefined
2025-03-17 13:30:53 info: Datos recibidos al editar una consulta médica
2025-03-17 13:30:53 info: {"files":[{"id":"20250317172110840","name":"Bosquemar.png","file":null},{"id":"2","name":"account-circle-outline.png"}],"id":"13"}
2025-03-17 13:30:53 info: Imagen movida exitosamente a: D:\Dev Klint\Huoon\api-huoon\public\consultations\20250317173053187.png
2025-03-17 13:30:53 error: Error en MedicalConsultationRepository->update: Cannot read properties of undefined (reading 'originalname')
2025-03-17 13:30:53 error: MedicalConsultationController->update: Cannot read properties of undefined (reading 'originalname')
2025-03-17 13:31:00 info: Fecha actual: 2025-03-17, Hora actual: 13:31
2025-03-17 13:31:35 info: Fecha actual: 2025-03-17, Hora actual: 13:31
2025-03-17 13:31:46 info: prueba2 - Actualiza la consulta médica con ID undefined
2025-03-17 13:31:46 info: Datos recibidos al editar una consulta médica
2025-03-17 13:31:46 info: {"files":[{"id":"20250317172110840","name":"Bosquemar.png","file":null},{"id":"2","name":"account-circle-outline.png"}],"id":"13"}
2025-03-17 13:31:46 info: Imagen movida exitosamente a: D:\Dev Klint\Huoon\api-huoon\public\consultations\20250317173146846.png
2025-03-17 13:31:46 info: Consulta médica actualizada exitosamente (ID: 13)
2025-03-17 13:31:47 info: prueba2 - Busca las consultas médicas de una persona
2025-03-17 13:32:00 info: Fecha actual: 2025-03-17, Hora actual: 13:32
2025-03-17 13:32:03 info: prueba2 - Actualiza la consulta médica con ID undefined
2025-03-17 13:32:03 info: Datos recibidos al editar una consulta médica
2025-03-17 13:32:03 info: {"files":[{"id":"20250317173146850","name":"account-circle-outline.png","file":null}],"id":"13"}
2025-03-17 13:32:03 info: No está en los nuevos
2025-03-17 13:32:03 info: Archivo eliminado exitosamente: D:\Dev Klint\Huoon\api-huoon\public\consultations\20250317172110841.png
2025-03-17 13:32:03 info: Consulta médica actualizada exitosamente (ID: 13)
2025-03-17 13:32:03 info: prueba2 - Busca las consultas médicas de una persona
2025-03-17 13:33:00 info: Fecha actual: 2025-03-17, Hora actual: 13:33
2025-03-17 13:34:00 info: Fecha actual: 2025-03-17, Hora actual: 13:34
2025-03-17 13:35:00 info: Fecha actual: 2025-03-17, Hora actual: 13:35
2025-03-17 13:36:00 info: Fecha actual: 2025-03-17, Hora actual: 13:36
2025-03-17 13:37:00 info: Fecha actual: 2025-03-17, Hora actual: 13:37
2025-03-17 13:38:00 info: Fecha actual: 2025-03-17, Hora actual: 13:38
2025-03-17 13:39:00 info: Fecha actual: 2025-03-17, Hora actual: 13:39
2025-03-17 13:40:00 info: Fecha actual: 2025-03-17, Hora actual: 13:40
2025-03-17 13:41:00 info: Fecha actual: 2025-03-17, Hora actual: 13:41
2025-03-17 13:43:00 info: Fecha actual: 2025-03-17, Hora actual: 13:43
2025-03-17 13:44:00 info: Fecha actual: 2025-03-17, Hora actual: 13:44
2025-03-17 13:44:25 info: Fecha actual: 2025-03-17, Hora actual: 13:44
2025-03-17 13:45:00 info: Fecha actual: 2025-03-17, Hora actual: 13:45
2025-03-17 13:45:48 info: Fecha actual: 2025-03-17, Hora actual: 13:45
2025-03-17 13:46:00 info: Fecha actual: 2025-03-17, Hora actual: 13:46
2025-03-17 13:46:15 info: Fecha actual: 2025-03-17, Hora actual: 13:46
2025-03-17 13:47:00 info: Fecha actual: 2025-03-17, Hora actual: 13:47
2025-03-17 13:48:00 info: Fecha actual: 2025-03-17, Hora actual: 13:48
2025-03-17 13:49:00 info: Fecha actual: 2025-03-17, Hora actual: 13:49
2025-03-17 13:50:00 info: Fecha actual: 2025-03-17, Hora actual: 13:50
2025-03-17 13:51:00 info: Fecha actual: 2025-03-17, Hora actual: 13:51
2025-03-17 13:52:00 info: Fecha actual: 2025-03-17, Hora actual: 13:52
2025-03-17 13:53:00 info: Fecha actual: 2025-03-17, Hora actual: 13:53
2025-03-17 13:54:00 info: Fecha actual: 2025-03-17, Hora actual: 13:54
2025-03-17 13:55:00 info: Fecha actual: 2025-03-17, Hora actual: 13:55
2025-03-17 13:56:00 info: Fecha actual: 2025-03-17, Hora actual: 13:56
2025-03-17 13:57:00 info: Fecha actual: 2025-03-17, Hora actual: 13:57
2025-03-17 13:58:00 info: Fecha actual: 2025-03-17, Hora actual: 13:58
2025-03-17 13:59:00 info: Fecha actual: 2025-03-17, Hora actual: 13:59
2025-03-17 13:59:05 info: Fecha actual: 2025-03-17, Hora actual: 13:59
2025-03-17 13:59:12 info: Fecha actual: 2025-03-17, Hora actual: 13:59
2025-03-17 13:59:20 info: Fecha actual: 2025-03-17, Hora actual: 13:59
2025-03-17 13:59:25 info: Fecha actual: 2025-03-17, Hora actual: 13:59
2025-03-17 14:00:00 info: Fecha actual: 2025-03-17, Hora actual: 14:00
2025-03-17 14:01:00 info: Fecha actual: 2025-03-17, Hora actual: 14:01
2025-03-17 14:01:08 info: Fecha actual: 2025-03-17, Hora actual: 14:01
2025-03-17 14:01:14 info: Fecha actual: 2025-03-17, Hora actual: 14:01
2025-03-17 14:02:00 info: Fecha actual: 2025-03-17, Hora actual: 14:02
2025-03-17 14:03:00 info: Fecha actual: 2025-03-17, Hora actual: 14:03
2025-03-17 14:04:00 info: Fecha actual: 2025-03-17, Hora actual: 14:04
2025-03-17 14:05:00 info: Fecha actual: 2025-03-17, Hora actual: 14:05
2025-03-17 14:06:00 info: Fecha actual: 2025-03-17, Hora actual: 14:06
2025-03-17 14:07:00 info: Fecha actual: 2025-03-17, Hora actual: 14:07
2025-03-17 14:08:00 info: Fecha actual: 2025-03-17, Hora actual: 14:08
2025-03-17 14:09:00 info: Fecha actual: 2025-03-17, Hora actual: 14:09
2025-03-17 14:10:00 info: Fecha actual: 2025-03-17, Hora actual: 14:10
2025-03-17 14:11:00 info: Fecha actual: 2025-03-17, Hora actual: 14:11
2025-03-17 14:12:00 info: Fecha actual: 2025-03-17, Hora actual: 14:12
2025-03-17 14:13:00 info: Fecha actual: 2025-03-17, Hora actual: 14:13
2025-03-17 14:14:00 info: Fecha actual: 2025-03-17, Hora actual: 14:14
2025-03-17 14:15:00 info: Fecha actual: 2025-03-17, Hora actual: 14:15
2025-03-17 14:16:00 info: Fecha actual: 2025-03-17, Hora actual: 14:16
2025-03-17 14:17:00 info: Fecha actual: 2025-03-17, Hora actual: 14:17
2025-03-17 14:18:00 info: Fecha actual: 2025-03-17, Hora actual: 14:18
2025-03-17 14:19:00 info: Fecha actual: 2025-03-17, Hora actual: 14:19
2025-03-17 14:20:00 info: Fecha actual: 2025-03-17, Hora actual: 14:20
2025-03-17 14:21:00 info: Fecha actual: 2025-03-17, Hora actual: 14:21
2025-03-17 14:22:00 info: Fecha actual: 2025-03-17, Hora actual: 14:22
2025-03-17 14:24:00 info: Fecha actual: 2025-03-17, Hora actual: 14:24
2025-03-17 14:25:00 info: Fecha actual: 2025-03-17, Hora actual: 14:25
2025-03-17 14:26:00 info: Fecha actual: 2025-03-17, Hora actual: 14:26
2025-03-17 14:27:00 info: Fecha actual: 2025-03-17, Hora actual: 14:27
2025-03-17 14:28:00 info: Fecha actual: 2025-03-17, Hora actual: 14:28
2025-03-17 14:29:00 info: Fecha actual: 2025-03-17, Hora actual: 14:29
2025-03-17 14:30:00 info: Fecha actual: 2025-03-17, Hora actual: 14:30
2025-03-17 14:31:00 info: Fecha actual: 2025-03-17, Hora actual: 14:31
2025-03-17 14:32:00 info: Fecha actual: 2025-03-17, Hora actual: 14:32
2025-03-17 14:33:00 info: Fecha actual: 2025-03-17, Hora actual: 14:33
2025-03-17 14:34:00 info: Fecha actual: 2025-03-17, Hora actual: 14:34
2025-03-17 14:35:00 info: Fecha actual: 2025-03-17, Hora actual: 14:35
2025-03-17 14:36:00 info: Fecha actual: 2025-03-17, Hora actual: 14:36
2025-03-17 14:37:00 info: Fecha actual: 2025-03-17, Hora actual: 14:37
2025-03-17 14:37:41 info: Fecha actual: 2025-03-17, Hora actual: 14:37
2025-03-17 14:37:48 info: Fecha actual: 2025-03-17, Hora actual: 14:37
2025-03-17 14:37:54 info: Fecha actual: 2025-03-17, Hora actual: 14:37
2025-03-17 14:38:00 info: Fecha actual: 2025-03-17, Hora actual: 14:38
2025-03-17 14:39:00 info: Fecha actual: 2025-03-17, Hora actual: 14:39
2025-03-17 14:40:00 info: Fecha actual: 2025-03-17, Hora actual: 14:40
2025-03-17 14:41:00 info: Fecha actual: 2025-03-17, Hora actual: 14:41
2025-03-17 14:42:00 info: Fecha actual: 2025-03-17, Hora actual: 14:42
2025-03-17 14:42:16 info: Fecha actual: 2025-03-17, Hora actual: 14:42
2025-03-17 14:42:28 info: Fecha actual: 2025-03-17, Hora actual: 14:42
2025-03-17 14:42:33 info: Fecha actual: 2025-03-17, Hora actual: 14:42
2025-03-17 14:42:36 info: Fecha actual: 2025-03-17, Hora actual: 14:42
2025-03-17 14:43:00 info: Fecha actual: 2025-03-17, Hora actual: 14:43
2025-06-04 16:46:53 info: Fecha actual: 2025-06-04, Hora actual: 16:46
2025-06-04 16:47:00 info: Fecha actual: 2025-06-04, Hora actual: 16:47
2025-06-04 16:48:00 info: Fecha actual: 2025-06-04, Hora actual: 16:48
2025-06-04 16:49:00 info: Fecha actual: 2025-06-04, Hora actual: 16:49
2025-06-04 16:50:00 info: Fecha actual: 2025-06-04, Hora actual: 16:50
2025-06-04 16:51:00 info: Fecha actual: 2025-06-04, Hora actual: 16:51
2025-06-04 16:52:00 info: Fecha actual: 2025-06-04, Hora actual: 16:52
2025-06-04 16:53:00 info: Fecha actual: 2025-06-04, Hora actual: 16:53
2025-06-04 16:54:00 info: Fecha actual: 2025-06-04, Hora actual: 16:54
2025-06-04 16:55:12 info: Fecha actual: 2025-06-04, Hora actual: 16:55
2025-06-04 16:56:00 info: Fecha actual: 2025-06-04, Hora actual: 16:56
2025-06-04 16:56:53 info: Entrando a loguearse
2025-06-04 16:57:00 info: yasmany891230 - Entra a buscar las hogares
2025-06-04 16:57:00 info: yasmany891230 - Buscando las notificaciones
2025-06-04 16:57:00 info: Fecha actual: 2025-06-04, Hora actual: 16:57
2025-06-04 16:58:00 info: Fecha actual: 2025-06-04, Hora actual: 16:58
2025-06-04 16:59:00 info: Fecha actual: 2025-06-04, Hora actual: 16:59
